[0.146s] DEBUG:colcon:Command line arguments: ['/usr/bin/colcon', 'build']
[0.146s] DEBUG:colcon:Parsed command line arguments: Namespace(log_base=None, log_level=None, verb_name='build', build_base='build', install_base='install', merge_install=False, symlink_install=False, test_result_base=None, continue_on_error=False, executor='parallel', parallel_workers=8, event_handlers=None, ignore_user_meta=False, metas=['./colcon.meta'], base_paths=['.'], packages_ignore=None, packages_ignore_regex=None, paths=None, packages_up_to=None, packages_up_to_regex=None, packages_above=None, packages_above_and_dependencies=None, packages_above_depth=None, packages_select_by_dep=None, packages_skip_by_dep=None, packages_skip_up_to=None, packages_select_build_failed=False, packages_skip_build_finished=False, packages_select_test_failures=False, packages_skip_test_passed=False, packages_select=None, packages_skip=None, packages_select_regex=None, packages_skip_regex=None, packages_start=None, packages_end=None, allow_overriding=[], cmake_args=None, cmake_target=None, cmake_target_skip_unavailable=False, cmake_clean_cache=False, cmake_clean_first=False, cmake_force_configure=False, ament_cmake_args=None, catkin_cmake_args=None, catkin_skip_building_tests=False, mixin_files=None, mixin=None, verb_parser=<colcon_mixin.mixin.mixin_argument.MixinArgumentDecorator object at 0x7076a5a90070>, verb_extension=<colcon_core.verb.build.BuildVerb object at 0x7076a5b95900>, main=<bound method BuildVerb.main of <colcon_core.verb.build.BuildVerb object at 0x7076a5b95900>>, mixin_verb=('build',))
[0.402s] Level 1:colcon.colcon_core.package_discovery:discover_packages(colcon_meta) check parameters
[0.402s] Level 1:colcon.colcon_core.package_discovery:discover_packages(recursive) check parameters
[0.403s] Level 1:colcon.colcon_core.package_discovery:discover_packages(ignore) check parameters
[0.403s] Level 1:colcon.colcon_core.package_discovery:discover_packages(path) check parameters
[0.403s] Level 1:colcon.colcon_core.package_discovery:discover_packages(colcon_meta) discover
[0.403s] Level 1:colcon.colcon_core.package_discovery:discover_packages(recursive) discover
[0.403s] INFO:colcon.colcon_core.package_discovery:Crawling recursively for packages in '/home/antwoor/rse_ws/src/robotics_software_engineer/module_4_assessment/robot_sensing_debug'
[0.403s] Level 1:colcon.colcon_core.package_identification:_identify(.) by extensions ['ignore', 'ignore_ament_install']
[0.403s] Level 1:colcon.colcon_core.package_identification:_identify(.) by extension 'ignore'
[0.403s] Level 1:colcon.colcon_core.package_identification:_identify(.) by extension 'ignore_ament_install'
[0.403s] Level 1:colcon.colcon_core.package_identification:_identify(.) by extensions ['colcon_pkg']
[0.403s] Level 1:colcon.colcon_core.package_identification:_identify(.) by extension 'colcon_pkg'
[0.403s] Level 1:colcon.colcon_core.package_identification:_identify(.) by extensions ['colcon_meta']
[0.403s] Level 1:colcon.colcon_core.package_identification:_identify(.) by extension 'colcon_meta'
[0.403s] Level 1:colcon.colcon_core.package_identification:_identify(.) by extensions ['ros']
[0.403s] Level 1:colcon.colcon_core.package_identification:_identify(.) by extension 'ros'
[0.450s] DEBUG:colcon.colcon_core.package_identification:Package '.' with type 'ros.ament_cmake' and name 'robot_sensing_debug'
[0.450s] Level 1:colcon.colcon_core.package_discovery:discover_packages(recursive) using defaults
[0.450s] Level 1:colcon.colcon_core.package_discovery:discover_packages(ignore) discover
[0.450s] Level 1:colcon.colcon_core.package_discovery:discover_packages(ignore) using defaults
[0.450s] Level 1:colcon.colcon_core.package_discovery:discover_packages(path) discover
[0.450s] Level 1:colcon.colcon_core.package_discovery:discover_packages(path) using defaults
[0.528s] Level 1:colcon.colcon_core.package_discovery:discover_packages(prefix_path) check parameters
[0.528s] Level 1:colcon.colcon_core.package_discovery:discover_packages(prefix_path) discover
[0.532s] DEBUG:colcon.colcon_installed_package_information.package_discovery:Found 360 installed packages in /opt/ros/humble
[0.535s] Level 1:colcon.colcon_core.package_discovery:discover_packages(prefix_path) using defaults
[0.602s] Level 5:colcon.colcon_core.verb:set package 'robot_sensing_debug' build argument 'cmake_args' from command line to 'None'
[0.602s] Level 5:colcon.colcon_core.verb:set package 'robot_sensing_debug' build argument 'cmake_target' from command line to 'None'
[0.603s] Level 5:colcon.colcon_core.verb:set package 'robot_sensing_debug' build argument 'cmake_target_skip_unavailable' from command line to 'False'
[0.603s] Level 5:colcon.colcon_core.verb:set package 'robot_sensing_debug' build argument 'cmake_clean_cache' from command line to 'False'
[0.603s] Level 5:colcon.colcon_core.verb:set package 'robot_sensing_debug' build argument 'cmake_clean_first' from command line to 'False'
[0.603s] Level 5:colcon.colcon_core.verb:set package 'robot_sensing_debug' build argument 'cmake_force_configure' from command line to 'False'
[0.603s] Level 5:colcon.colcon_core.verb:set package 'robot_sensing_debug' build argument 'ament_cmake_args' from command line to 'None'
[0.603s] Level 5:colcon.colcon_core.verb:set package 'robot_sensing_debug' build argument 'catkin_cmake_args' from command line to 'None'
[0.603s] Level 5:colcon.colcon_core.verb:set package 'robot_sensing_debug' build argument 'catkin_skip_building_tests' from command line to 'False'
[0.603s] DEBUG:colcon.colcon_core.verb:Building package 'robot_sensing_debug' with the following arguments: {'ament_cmake_args': None, 'build_base': '/home/antwoor/rse_ws/src/robotics_software_engineer/module_4_assessment/robot_sensing_debug/build/robot_sensing_debug', 'catkin_cmake_args': None, 'catkin_skip_building_tests': False, 'cmake_args': None, 'cmake_clean_cache': False, 'cmake_clean_first': False, 'cmake_force_configure': False, 'cmake_target': None, 'cmake_target_skip_unavailable': False, 'install_base': '/home/antwoor/rse_ws/src/robotics_software_engineer/module_4_assessment/robot_sensing_debug/install/robot_sensing_debug', 'merge_install': False, 'path': '/home/antwoor/rse_ws/src/robotics_software_engineer/module_4_assessment/robot_sensing_debug', 'symlink_install': False, 'test_result_base': None}
[0.603s] INFO:colcon.colcon_core.executor:Executing jobs using 'parallel' executor
[0.604s] DEBUG:colcon.colcon_parallel_executor.executor.parallel:run_until_complete
[0.604s] INFO:colcon.colcon_ros.task.ament_cmake.build:Building ROS package in '/home/antwoor/rse_ws/src/robotics_software_engineer/module_4_assessment/robot_sensing_debug' with build type 'ament_cmake'
[0.604s] INFO:colcon.colcon_cmake.task.cmake.build:Building CMake package in '/home/antwoor/rse_ws/src/robotics_software_engineer/module_4_assessment/robot_sensing_debug'
[0.606s] INFO:colcon.colcon_core.plugin_system:Skipping extension 'colcon_core.shell.bat': Not used on non-Windows systems
[0.607s] INFO:colcon.colcon_core.shell:Skip shell extension 'powershell' for command environment: Not usable outside of PowerShell
[0.607s] DEBUG:colcon.colcon_core.shell:Skip shell extension 'dsv' for command environment
[0.623s] DEBUG:colcon.colcon_core.event_handler.log_command:Invoking command in '/home/antwoor/rse_ws/src/robotics_software_engineer/module_4_assessment/robot_sensing_debug/build/robot_sensing_debug': CMAKE_PREFIX_PATH=/opt/ros/humble CONDA_PROMPT_MODIFIER=(base) /usr/bin/cmake /home/antwoor/rse_ws/src/robotics_software_engineer/module_4_assessment/robot_sensing_debug -DCMAKE_INSTALL_PREFIX=/home/antwoor/rse_ws/src/robotics_software_engineer/module_4_assessment/robot_sensing_debug/install/robot_sensing_debug
[3.283s] DEBUG:colcon.colcon_core.event_handler.log_command:Invoked command in '/home/antwoor/rse_ws/src/robotics_software_engineer/module_4_assessment/robot_sensing_debug/build/robot_sensing_debug' returned '0': CMAKE_PREFIX_PATH=/opt/ros/humble CONDA_PROMPT_MODIFIER=(base) /usr/bin/cmake /home/antwoor/rse_ws/src/robotics_software_engineer/module_4_assessment/robot_sensing_debug -DCMAKE_INSTALL_PREFIX=/home/antwoor/rse_ws/src/robotics_software_engineer/module_4_assessment/robot_sensing_debug/install/robot_sensing_debug
[3.293s] DEBUG:colcon.colcon_core.event_handler.log_command:Invoking command in '/home/antwoor/rse_ws/src/robotics_software_engineer/module_4_assessment/robot_sensing_debug/build/robot_sensing_debug': CMAKE_PREFIX_PATH=/opt/ros/humble CONDA_PROMPT_MODIFIER=(base) /usr/bin/cmake --build /home/antwoor/rse_ws/src/robotics_software_engineer/module_4_assessment/robot_sensing_debug/build/robot_sensing_debug -- -j8 -l8
[21.465s] DEBUG:colcon.colcon_core.event_handler.log_command:Invoked command in '/home/antwoor/rse_ws/src/robotics_software_engineer/module_4_assessment/robot_sensing_debug/build/robot_sensing_debug' returned '2': CMAKE_PREFIX_PATH=/opt/ros/humble CONDA_PROMPT_MODIFIER=(base) /usr/bin/cmake --build /home/antwoor/rse_ws/src/robotics_software_engineer/module_4_assessment/robot_sensing_debug/build/robot_sensing_debug -- -j8 -l8
[21.466s] Level 1:colcon.colcon_core.environment:create_environment_scripts_only(robot_sensing_debug)
[21.469s] Level 1:colcon.colcon_core.environment:checking '/home/antwoor/rse_ws/src/robotics_software_engineer/module_4_assessment/robot_sensing_debug/install/robot_sensing_debug' for CMake module files
[21.469s] Level 1:colcon.colcon_core.environment:checking '/home/antwoor/rse_ws/src/robotics_software_engineer/module_4_assessment/robot_sensing_debug/install/robot_sensing_debug' for CMake config files
[21.470s] Level 1:colcon.colcon_core.environment:checking '/home/antwoor/rse_ws/src/robotics_software_engineer/module_4_assessment/robot_sensing_debug/install/robot_sensing_debug/bin'
[21.470s] Level 1:colcon.colcon_core.environment:checking '/home/antwoor/rse_ws/src/robotics_software_engineer/module_4_assessment/robot_sensing_debug/install/robot_sensing_debug/lib/pkgconfig/robot_sensing_debug.pc'
[21.470s] Level 1:colcon.colcon_core.environment:checking '/home/antwoor/rse_ws/src/robotics_software_engineer/module_4_assessment/robot_sensing_debug/install/robot_sensing_debug/lib/python3.10/site-packages'
[21.470s] Level 1:colcon.colcon_core.environment:checking '/home/antwoor/rse_ws/src/robotics_software_engineer/module_4_assessment/robot_sensing_debug/install/robot_sensing_debug/bin'
[21.471s] INFO:colcon.colcon_core.shell:Creating package script '/home/antwoor/rse_ws/src/robotics_software_engineer/module_4_assessment/robot_sensing_debug/install/robot_sensing_debug/share/robot_sensing_debug/package.ps1'
[21.472s] INFO:colcon.colcon_core.shell:Creating package descriptor '/home/antwoor/rse_ws/src/robotics_software_engineer/module_4_assessment/robot_sensing_debug/install/robot_sensing_debug/share/robot_sensing_debug/package.dsv'
[21.473s] INFO:colcon.colcon_core.shell:Creating package script '/home/antwoor/rse_ws/src/robotics_software_engineer/module_4_assessment/robot_sensing_debug/install/robot_sensing_debug/share/robot_sensing_debug/package.sh'
[21.474s] INFO:colcon.colcon_core.shell:Creating package script '/home/antwoor/rse_ws/src/robotics_software_engineer/module_4_assessment/robot_sensing_debug/install/robot_sensing_debug/share/robot_sensing_debug/package.bash'
[21.475s] INFO:colcon.colcon_core.shell:Creating package script '/home/antwoor/rse_ws/src/robotics_software_engineer/module_4_assessment/robot_sensing_debug/install/robot_sensing_debug/share/robot_sensing_debug/package.zsh'
[21.476s] Level 1:colcon.colcon_core.environment:create_file_with_runtime_dependencies(/home/antwoor/rse_ws/src/robotics_software_engineer/module_4_assessment/robot_sensing_debug/install/robot_sensing_debug/share/colcon-core/packages/robot_sensing_debug)
[21.487s] DEBUG:colcon.colcon_parallel_executor.executor.parallel:closing loop
[21.487s] DEBUG:colcon.colcon_parallel_executor.executor.parallel:loop closed
[21.487s] DEBUG:colcon.colcon_parallel_executor.executor.parallel:run_until_complete finished with '2'
[21.487s] DEBUG:colcon.colcon_core.event_reactor:joining thread
[21.501s] INFO:colcon.colcon_core.plugin_system:Skipping extension 'colcon_notification.desktop_notification.terminal_notifier': Not used on non-Darwin systems
[21.501s] INFO:colcon.colcon_core.plugin_system:Skipping extension 'colcon_notification.desktop_notification.win32': Not used on non-Windows systems
[21.501s] INFO:colcon.colcon_notification.desktop_notification:Sending desktop notification using 'notify2'
[21.524s] DEBUG:colcon.colcon_core.event_reactor:joined thread
[21.524s] INFO:colcon.colcon_core.shell:Creating prefix script '/home/antwoor/rse_ws/src/robotics_software_engineer/module_4_assessment/robot_sensing_debug/install/local_setup.ps1'
[21.527s] INFO:colcon.colcon_core.shell:Creating prefix util module '/home/antwoor/rse_ws/src/robotics_software_engineer/module_4_assessment/robot_sensing_debug/install/_local_setup_util_ps1.py'
[21.530s] INFO:colcon.colcon_core.shell:Creating prefix chain script '/home/antwoor/rse_ws/src/robotics_software_engineer/module_4_assessment/robot_sensing_debug/install/setup.ps1'
[21.532s] INFO:colcon.colcon_core.shell:Creating prefix script '/home/antwoor/rse_ws/src/robotics_software_engineer/module_4_assessment/robot_sensing_debug/install/local_setup.sh'
[21.532s] INFO:colcon.colcon_core.shell:Creating prefix util module '/home/antwoor/rse_ws/src/robotics_software_engineer/module_4_assessment/robot_sensing_debug/install/_local_setup_util_sh.py'
[21.533s] INFO:colcon.colcon_core.shell:Creating prefix chain script '/home/antwoor/rse_ws/src/robotics_software_engineer/module_4_assessment/robot_sensing_debug/install/setup.sh'
[21.535s] INFO:colcon.colcon_core.shell:Creating prefix script '/home/antwoor/rse_ws/src/robotics_software_engineer/module_4_assessment/robot_sensing_debug/install/local_setup.bash'
[21.536s] INFO:colcon.colcon_core.shell:Creating prefix chain script '/home/antwoor/rse_ws/src/robotics_software_engineer/module_4_assessment/robot_sensing_debug/install/setup.bash'
[21.537s] INFO:colcon.colcon_core.shell:Creating prefix script '/home/antwoor/rse_ws/src/robotics_software_engineer/module_4_assessment/robot_sensing_debug/install/local_setup.zsh'
[21.538s] INFO:colcon.colcon_core.shell:Creating prefix chain script '/home/antwoor/rse_ws/src/robotics_software_engineer/module_4_assessment/robot_sensing_debug/install/setup.zsh'
